// Jest Snapshot v1, https://goo.gl/fbAQLP

exports[`Home matches snapshot 1`] = `
<DocumentFragment>
  <div>
    <h1>
      Moods Calendar for My GoodDays
    </h1>
    <div
      class="react-calendar"
    >
      <div
        class="react-calendar__navigation"
      >
        <button
          aria-label=""
          class="react-calendar__navigation__arrow react-calendar__navigation__prev2-button"
          type="button"
        >
          «
        </button>
        <button
          aria-label=""
          class="react-calendar__navigation__arrow react-calendar__navigation__prev-button"
          type="button"
        >
          ‹
        </button>
        <button
          aria-label=""
          class="react-calendar__navigation__label"
          style="flex-grow: 1;"
          type="button"
        >
          <span
            class="react-calendar__navigation__label__labelText react-calendar__navigation__label__labelText--from"
          >
            December 2024
          </span>
        </button>
        <button
          aria-label=""
          class="react-calendar__navigation__arrow react-calendar__navigation__next-button"
          type="button"
        >
          ›
        </button>
        <button
          aria-label=""
          class="react-calendar__navigation__arrow react-calendar__navigation__next2-button"
          type="button"
        >
          »
        </button>
      </div>
      <div
        class="react-calendar__viewContainer"
      >
        <div
          class="react-calendar__month-view"
        >
          <div
            style="display: flex; align-items: flex-end;"
          >
            <div
              style="flex-grow: 1; width: 100%;"
            >
              <div
                class="react-calendar__month-view__weekdays"
                style="display: flex; flex-wrap: nowrap;"
              >
                <div
                  class="react-calendar__month-view__weekdays__weekday"
                  style="flex-basis: 14.285714285714286%; flex-shrink: 0; flex-grow: 0; overflow: hidden; margin-inline-end: 0;"
                >
                  <abbr
                    aria-label="Monday"
                    title="Monday"
                  >
                    Mon
                  </abbr>
                </div>
                <div
                  class="react-calendar__month-view__weekdays__weekday"
                  style="flex-basis: 14.285714285714286%; flex-shrink: 0; flex-grow: 0; overflow: hidden; margin-inline-end: 0;"
                >
                  <abbr
                    aria-label="Tuesday"
                    title="Tuesday"
                  >
                    Tue
                  </abbr>
                </div>
                <div
                  class="react-calendar__month-view__weekdays__weekday"
                  style="flex-basis: 14.285714285714286%; flex-shrink: 0; flex-grow: 0; overflow: hidden; margin-inline-end: 0;"
                >
                  <abbr
                    aria-label="Wednesday"
                    title="Wednesday"
                  >
                    Wed
                  </abbr>
                </div>
                <div
                  class="react-calendar__month-view__weekdays__weekday"
                  style="flex-basis: 14.285714285714286%; flex-shrink: 0; flex-grow: 0; overflow: hidden; margin-inline-end: 0;"
                >
                  <abbr
                    aria-label="Thursday"
                    title="Thursday"
                  >
                    Thu
                  </abbr>
                </div>
                <div
                  class="react-calendar__month-view__weekdays__weekday"
                  style="flex-basis: 14.285714285714286%; flex-shrink: 0; flex-grow: 0; overflow: hidden; margin-inline-end: 0;"
                >
                  <abbr
                    aria-label="Friday"
                    title="Friday"
                  >
                    Fri
                  </abbr>
                </div>
                <div
                  class="react-calendar__month-view__weekdays__weekday react-calendar__month-view__weekdays__weekday--weekend"
                  style="flex-basis: 14.285714285714286%; flex-shrink: 0; flex-grow: 0; overflow: hidden; margin-inline-end: 0;"
                >
                  <abbr
                    aria-label="Saturday"
                    title="Saturday"
                  >
                    Sat
                  </abbr>
                </div>
                <div
                  class="react-calendar__month-view__weekdays__weekday react-calendar__month-view__weekdays__weekday--current react-calendar__month-view__weekdays__weekday--weekend"
                  style="flex-basis: 14.285714285714286%; flex-shrink: 0; flex-grow: 0; overflow: hidden; margin-inline-end: 0;"
                >
                  <abbr
                    aria-label="Sunday"
                    title="Sunday"
                  >
                    Sun
                  </abbr>
                </div>
              </div>
              <div
                class="react-calendar__month-view__days"
                style="display: flex; flex-wrap: wrap;"
              >
                <button
                  class="react-calendar__tile react-calendar__month-view__days__day react-calendar__month-view__days__day--neighboringMonth"
                  style="flex-basis: 14.285714285714286%; flex-shrink: 0; flex-grow: 0; overflow: hidden; margin-inline-end: 0;"
                  type="button"
                >
                  <abbr
                    aria-label="November 25, 2024"
                  >
                    25
                  </abbr>
                </button>
                <button
                  class="react-calendar__tile react-calendar__month-view__days__day react-calendar__month-view__days__day--neighboringMonth"
                  style="flex-basis: 14.285714285714286%; flex-shrink: 0; flex-grow: 0; overflow: hidden; margin-inline-end: 0;"
                  type="button"
                >
                  <abbr
                    aria-label="November 26, 2024"
                  >
                    26
                  </abbr>
                </button>
                <button
                  class="react-calendar__tile react-calendar__month-view__days__day react-calendar__month-view__days__day--neighboringMonth"
                  style="flex-basis: 14.285714285714286%; flex-shrink: 0; flex-grow: 0; overflow: hidden; margin-inline-end: 0;"
                  type="button"
                >
                  <abbr
                    aria-label="November 27, 2024"
                  >
                    27
                  </abbr>
                </button>
                <button
                  class="react-calendar__tile react-calendar__month-view__days__day react-calendar__month-view__days__day--neighboringMonth"
                  style="flex-basis: 14.285714285714286%; flex-shrink: 0; flex-grow: 0; overflow: hidden; margin-inline-end: 0;"
                  type="button"
                >
                  <abbr
                    aria-label="November 28, 2024"
                  >
                    28
                  </abbr>
                </button>
                <button
                  class="react-calendar__tile react-calendar__month-view__days__day react-calendar__month-view__days__day--neighboringMonth"
                  style="flex-basis: 14.285714285714286%; flex-shrink: 0; flex-grow: 0; overflow: hidden; margin-inline-end: 0;"
                  type="button"
                >
                  <abbr
                    aria-label="November 29, 2024"
                  >
                    29
                  </abbr>
                </button>
                <button
                  class="react-calendar__tile react-calendar__month-view__days__day react-calendar__month-view__days__day--weekend react-calendar__month-view__days__day--neighboringMonth"
                  style="flex-basis: 14.285714285714286%; flex-shrink: 0; flex-grow: 0; overflow: hidden; margin-inline-end: 0;"
                  type="button"
                >
                  <abbr
                    aria-label="November 30, 2024"
                  >
                    30
                  </abbr>
                </button>
                <button
                  class="react-calendar__tile react-calendar__month-view__days__day react-calendar__month-view__days__day--weekend"
                  style="flex-basis: 14.285714285714286%; flex-shrink: 0; flex-grow: 0; overflow: hidden; margin-inline-end: 0;"
                  type="button"
                >
                  <abbr
                    aria-label="December 1, 2024"
                  >
                    1
                  </abbr>
                </button>
                <button
                  class="react-calendar__tile react-calendar__month-view__days__day"
                  style="flex-basis: 14.285714285714286%; flex-shrink: 0; flex-grow: 0; overflow: hidden; margin-inline-end: 0;"
                  type="button"
                >
                  <abbr
                    aria-label="December 2, 2024"
                  >
                    2
                  </abbr>
                </button>
                <button
                  class="react-calendar__tile react-calendar__month-view__days__day"
                  style="flex-basis: 14.285714285714286%; flex-shrink: 0; flex-grow: 0; overflow: hidden; margin-inline-end: 0;"
                  type="button"
                >
                  <abbr
                    aria-label="December 3, 2024"
                  >
                    3
                  </abbr>
                </button>
                <button
                  class="react-calendar__tile react-calendar__month-view__days__day"
                  style="flex-basis: 14.285714285714286%; flex-shrink: 0; flex-grow: 0; overflow: hidden; margin-inline-end: 0;"
                  type="button"
                >
                  <abbr
                    aria-label="December 4, 2024"
                  >
                    4
                  </abbr>
                </button>
                <button
                  class="react-calendar__tile react-calendar__month-view__days__day"
                  style="flex-basis: 14.285714285714286%; flex-shrink: 0; flex-grow: 0; overflow: hidden; margin-inline-end: 0;"
                  type="button"
                >
                  <abbr
                    aria-label="December 5, 2024"
                  >
                    5
                  </abbr>
                </button>
                <button
                  class="react-calendar__tile react-calendar__month-view__days__day"
                  style="flex-basis: 14.285714285714286%; flex-shrink: 0; flex-grow: 0; overflow: hidden; margin-inline-end: 0;"
                  type="button"
                >
                  <abbr
                    aria-label="December 6, 2024"
                  >
                    6
                  </abbr>
                </button>
                <button
                  class="react-calendar__tile react-calendar__month-view__days__day react-calendar__month-view__days__day--weekend"
                  style="flex-basis: 14.285714285714286%; flex-shrink: 0; flex-grow: 0; overflow: hidden; margin-inline-end: 0;"
                  type="button"
                >
                  <abbr
                    aria-label="December 7, 2024"
                  >
                    7
                  </abbr>
                </button>
                <button
                  class="react-calendar__tile react-calendar__tile--now react-calendar__month-view__days__day react-calendar__month-view__days__day--weekend"
                  style="flex-basis: 14.285714285714286%; flex-shrink: 0; flex-grow: 0; overflow: hidden; margin-inline-end: 0;"
                  type="button"
                >
                  <abbr
                    aria-label="December 8, 2024"
                  >
                    8
                  </abbr>
                </button>
                <button
                  class="react-calendar__tile react-calendar__month-view__days__day"
                  style="flex-basis: 14.285714285714286%; flex-shrink: 0; flex-grow: 0; overflow: hidden; margin-inline-end: 0;"
                  type="button"
                >
                  <abbr
                    aria-label="December 9, 2024"
                  >
                    9
                  </abbr>
                </button>
                <button
                  class="react-calendar__tile react-calendar__month-view__days__day"
                  style="flex-basis: 14.285714285714286%; flex-shrink: 0; flex-grow: 0; overflow: hidden; margin-inline-end: 0;"
                  type="button"
                >
                  <abbr
                    aria-label="December 10, 2024"
                  >
                    10
                  </abbr>
                </button>
                <button
                  class="react-calendar__tile react-calendar__month-view__days__day"
                  style="flex-basis: 14.285714285714286%; flex-shrink: 0; flex-grow: 0; overflow: hidden; margin-inline-end: 0;"
                  type="button"
                >
                  <abbr
                    aria-label="December 11, 2024"
                  >
                    11
                  </abbr>
                </button>
                <button
                  class="react-calendar__tile react-calendar__month-view__days__day"
                  style="flex-basis: 14.285714285714286%; flex-shrink: 0; flex-grow: 0; overflow: hidden; margin-inline-end: 0;"
                  type="button"
                >
                  <abbr
                    aria-label="December 12, 2024"
                  >
                    12
                  </abbr>
                </button>
                <button
                  class="react-calendar__tile react-calendar__month-view__days__day"
                  style="flex-basis: 14.285714285714286%; flex-shrink: 0; flex-grow: 0; overflow: hidden; margin-inline-end: 0;"
                  type="button"
                >
                  <abbr
                    aria-label="December 13, 2024"
                  >
                    13
                  </abbr>
                </button>
                <button
                  class="react-calendar__tile react-calendar__month-view__days__day react-calendar__month-view__days__day--weekend"
                  style="flex-basis: 14.285714285714286%; flex-shrink: 0; flex-grow: 0; overflow: hidden; margin-inline-end: 0;"
                  type="button"
                >
                  <abbr
                    aria-label="December 14, 2024"
                  >
                    14
                  </abbr>
                </button>
                <button
                  class="react-calendar__tile react-calendar__month-view__days__day react-calendar__month-view__days__day--weekend"
                  style="flex-basis: 14.285714285714286%; flex-shrink: 0; flex-grow: 0; overflow: hidden; margin-inline-end: 0;"
                  type="button"
                >
                  <abbr
                    aria-label="December 15, 2024"
                  >
                    15
                  </abbr>
                </button>
                <button
                  class="react-calendar__tile react-calendar__month-view__days__day"
                  style="flex-basis: 14.285714285714286%; flex-shrink: 0; flex-grow: 0; overflow: hidden; margin-inline-end: 0;"
                  type="button"
                >
                  <abbr
                    aria-label="December 16, 2024"
                  >
                    16
                  </abbr>
                </button>
                <button
                  class="react-calendar__tile react-calendar__month-view__days__day"
                  style="flex-basis: 14.285714285714286%; flex-shrink: 0; flex-grow: 0; overflow: hidden; margin-inline-end: 0;"
                  type="button"
                >
                  <abbr
                    aria-label="December 17, 2024"
                  >
                    17
                  </abbr>
                </button>
                <button
                  class="react-calendar__tile react-calendar__month-view__days__day"
                  style="flex-basis: 14.285714285714286%; flex-shrink: 0; flex-grow: 0; overflow: hidden; margin-inline-end: 0;"
                  type="button"
                >
                  <abbr
                    aria-label="December 18, 2024"
                  >
                    18
                  </abbr>
                </button>
                <button
                  class="react-calendar__tile react-calendar__month-view__days__day"
                  style="flex-basis: 14.285714285714286%; flex-shrink: 0; flex-grow: 0; overflow: hidden; margin-inline-end: 0;"
                  type="button"
                >
                  <abbr
                    aria-label="December 19, 2024"
                  >
                    19
                  </abbr>
                </button>
                <button
                  class="react-calendar__tile react-calendar__month-view__days__day"
                  style="flex-basis: 14.285714285714286%; flex-shrink: 0; flex-grow: 0; overflow: hidden; margin-inline-end: 0;"
                  type="button"
                >
                  <abbr
                    aria-label="December 20, 2024"
                  >
                    20
                  </abbr>
                </button>
                <button
                  class="react-calendar__tile react-calendar__month-view__days__day react-calendar__month-view__days__day--weekend"
                  style="flex-basis: 14.285714285714286%; flex-shrink: 0; flex-grow: 0; overflow: hidden; margin-inline-end: 0;"
                  type="button"
                >
                  <abbr
                    aria-label="December 21, 2024"
                  >
                    21
                  </abbr>
                </button>
                <button
                  class="react-calendar__tile react-calendar__month-view__days__day react-calendar__month-view__days__day--weekend"
                  style="flex-basis: 14.285714285714286%; flex-shrink: 0; flex-grow: 0; overflow: hidden; margin-inline-end: 0;"
                  type="button"
                >
                  <abbr
                    aria-label="December 22, 2024"
                  >
                    22
                  </abbr>
                </button>
                <button
                  class="react-calendar__tile react-calendar__month-view__days__day"
                  style="flex-basis: 14.285714285714286%; flex-shrink: 0; flex-grow: 0; overflow: hidden; margin-inline-end: 0;"
                  type="button"
                >
                  <abbr
                    aria-label="December 23, 2024"
                  >
                    23
                  </abbr>
                </button>
                <button
                  class="react-calendar__tile react-calendar__month-view__days__day"
                  style="flex-basis: 14.285714285714286%; flex-shrink: 0; flex-grow: 0; overflow: hidden; margin-inline-end: 0;"
                  type="button"
                >
                  <abbr
                    aria-label="December 24, 2024"
                  >
                    24
                  </abbr>
                </button>
                <button
                  class="react-calendar__tile react-calendar__month-view__days__day"
                  style="flex-basis: 14.285714285714286%; flex-shrink: 0; flex-grow: 0; overflow: hidden; margin-inline-end: 0;"
                  type="button"
                >
                  <abbr
                    aria-label="December 25, 2024"
                  >
                    25
                  </abbr>
                </button>
                <button
                  class="react-calendar__tile react-calendar__month-view__days__day"
                  style="flex-basis: 14.285714285714286%; flex-shrink: 0; flex-grow: 0; overflow: hidden; margin-inline-end: 0;"
                  type="button"
                >
                  <abbr
                    aria-label="December 26, 2024"
                  >
                    26
                  </abbr>
                </button>
                <button
                  class="react-calendar__tile react-calendar__month-view__days__day"
                  style="flex-basis: 14.285714285714286%; flex-shrink: 0; flex-grow: 0; overflow: hidden; margin-inline-end: 0;"
                  type="button"
                >
                  <abbr
                    aria-label="December 27, 2024"
                  >
                    27
                  </abbr>
                </button>
                <button
                  class="react-calendar__tile react-calendar__month-view__days__day react-calendar__month-view__days__day--weekend"
                  style="flex-basis: 14.285714285714286%; flex-shrink: 0; flex-grow: 0; overflow: hidden; margin-inline-end: 0;"
                  type="button"
                >
                  <abbr
                    aria-label="December 28, 2024"
                  >
                    28
                  </abbr>
                </button>
                <button
                  class="react-calendar__tile react-calendar__month-view__days__day react-calendar__month-view__days__day--weekend"
                  style="flex-basis: 14.285714285714286%; flex-shrink: 0; flex-grow: 0; overflow: hidden; margin-inline-end: 0;"
                  type="button"
                >
                  <abbr
                    aria-label="December 29, 2024"
                  >
                    29
                  </abbr>
                </button>
                <button
                  class="react-calendar__tile react-calendar__month-view__days__day"
                  style="flex-basis: 14.285714285714286%; flex-shrink: 0; flex-grow: 0; overflow: hidden; margin-inline-end: 0;"
                  type="button"
                >
                  <abbr
                    aria-label="December 30, 2024"
                  >
                    30
                  </abbr>
                </button>
                <button
                  class="react-calendar__tile react-calendar__month-view__days__day"
                  style="flex-basis: 14.285714285714286%; flex-shrink: 0; flex-grow: 0; overflow: hidden; margin-inline-end: 0;"
                  type="button"
                >
                  <abbr
                    aria-label="December 31, 2024"
                  >
                    31
                  </abbr>
                </button>
                <button
                  class="react-calendar__tile react-calendar__month-view__days__day react-calendar__month-view__days__day--neighboringMonth"
                  style="flex-basis: 14.285714285714286%; flex-shrink: 0; flex-grow: 0; overflow: hidden; margin-inline-end: 0;"
                  type="button"
                >
                  <abbr
                    aria-label="January 1, 2025"
                  >
                    1
                  </abbr>
                </button>
                <button
                  class="react-calendar__tile react-calendar__month-view__days__day react-calendar__month-view__days__day--neighboringMonth"
                  style="flex-basis: 14.285714285714286%; flex-shrink: 0; flex-grow: 0; overflow: hidden; margin-inline-end: 0;"
                  type="button"
                >
                  <abbr
                    aria-label="January 2, 2025"
                  >
                    2
                  </abbr>
                </button>
                <button
                  class="react-calendar__tile react-calendar__month-view__days__day react-calendar__month-view__days__day--neighboringMonth"
                  style="flex-basis: 14.285714285714286%; flex-shrink: 0; flex-grow: 0; overflow: hidden; margin-inline-end: 0;"
                  type="button"
                >
                  <abbr
                    aria-label="January 3, 2025"
                  >
                    3
                  </abbr>
                </button>
                <button
                  class="react-calendar__tile react-calendar__month-view__days__day react-calendar__month-view__days__day--weekend react-calendar__month-view__days__day--neighboringMonth"
                  style="flex-basis: 14.285714285714286%; flex-shrink: 0; flex-grow: 0; overflow: hidden; margin-inline-end: 0;"
                  type="button"
                >
                  <abbr
                    aria-label="January 4, 2025"
                  >
                    4
                  </abbr>
                </button>
                <button
                  class="react-calendar__tile react-calendar__month-view__days__day react-calendar__month-view__days__day--weekend react-calendar__month-view__days__day--neighboringMonth"
                  style="flex-basis: 14.285714285714286%; flex-shrink: 0; flex-grow: 0; overflow: hidden; margin-inline-end: 0;"
                  type="button"
                >
                  <abbr
                    aria-label="January 5, 2025"
                  >
                    5
                  </abbr>
                </button>
              </div>
            </div>
          </div>
        </div>
      </div>
    </div>
  </div>
  <br />
  <div>
    <table>
      <thead>
        <tr>
          <th>
            Date
          </th>
          <th>
            Title
          </th>
          <th>
            Hours Active
          </th>
          <th>
            Hours Sleeping
          </th>
          <th>
            Hours Focused
          </th>
          <th>
            Hours on Screen
          </th>
          <th>
            Hours Outside
          </th>
          <th>
            Hours Reading
          </th>
          <th>
            Mood
          </th>
          <th>
            Contents
          </th>
          <th>
            Created
          </th>
          <th>
            Updated
          </th>
        </tr>
      </thead>
      <tbody>
        <tr>
          <td>
            <a
              href="/Create"
            >
              2024-10-02
            </a>
          </td>
          <td>
            Second Day
          </td>
          <td>
            3
          </td>
          <td>
            7
          </td>
          <td>
            4
          </td>
          <td>
            4
          </td>
          <td>
            1
          </td>
          <td>
            2
          </td>
          <td>
            1
          </td>
          <td>
            Just an average day.
          </td>
          <td>
            2024-12-09T02:22:46.935Z
          </td>
          <td>
            2024-12-09T02:22:46.935Z
          </td>
          <td>
             
            <button>
              Delete ❌
            </button>
          </td>
        </tr>
        <tr>
          <td>
            <a
              href="/Create"
            >
              2024-10-01
            </a>
          </td>
          <td>
            First Day
          </td>
          <td>
            4
          </td>
          <td>
            8
          </td>
          <td>
            5
          </td>
          <td>
            3
          </td>
          <td>
            2
          </td>
          <td>
            1
          </td>
          <td>
            10
          </td>
          <td>
            Had a productive day!
          </td>
          <td>
            2024-12-09T02:22:46.934Z
          </td>
          <td>
            2024-12-09T02:22:46.934Z
          </td>
          <td>
             
            <button>
              Delete ❌
            </button>
          </td>
        </tr>
      </tbody>
    </table>
  </div>
</DocumentFragment>
`;
